Starting Universal Connectivity Application...
[SYSTEM] Generated Peer ID: 12D3KooWBKkBHcFBML5wH2xLDExGzqnUB6i4TeH3hgAv4EENp7No
[SYSTEM] Node started successfully
[SYSTEM] Listening on 2 address(es):
[SYSTEM]   /ip4/127.0.0.1/tcp/40091/p2p/12D3KooWDseuU254J9dATowXkdhh1CoLVcb6a67GSbuqE98CdPkE
[SYSTEM]   /ip4/172.16.16.16/tcp/40091/p2p/12D3KooWDseuU254J9dATowXkdhh1CoLVcb6a67GSbuqE98CdPkE
[DHT] Kademlia DHT initialized in server mode

[CHAT] Initializing chat room...
[CHAT] Subscribed to topic: universal-connectivity
[CHAT] Subscribed to discovery topic: universal-connectivity-workshop-js-peer-discovery
[CHAT] Message handlers registered successfully
[CHAT] Joined chat room as: E98CdPkE
[CONNECTION] Attempting to connect to: /ip4/172.16.16.17/tcp/9091
[CONNECTION] Connected to peer: 12D3KooWDj4uNjMpUtESkyJa2ZB6DtXg5PKC4pTUptJixE7zo9gB
[CONNECTION] Successfully connected to: /ip4/172.16.16.17/tcp/9091
[IDENTIFY] Received identify from: 12D3KooWDj4uNjMpUtESkyJa2ZB6DtXg5PKC4pTUptJixE7zo9gB
[IDENTIFY]   Protocol Version: /ipfs/id/1.0.0
[IDENTIFY]   Agent Version: universal-connectivity/0.1.0
[IDENTIFY]   Protocols: 7 protocol(s)
[IDENTIFY]     - /ipfs/kad/1.0.0
[IDENTIFY]     - /meshsub/1.2.0
[IDENTIFY]     - /ipfs/id/1.0.0
[IDENTIFY]     - /ipfs/id/push/1.0.0
[IDENTIFY]     - /meshsub/1.0.0
[IDENTIFY]     ... and 2 more
[IDENTIFY]   Addresses: 2 address(es)
[GOSSIPSUB] subscription-change from xE7zo9gB: [{"topic":"universal-connectivity","subscribe":true}]
[GOSSIPSUB] ✓ Peer xE7zo9gB subscribed to universal-connectivity
[GOSSIPSUB] Mesh snapshot: 1 subscriber(s)
[GOSSIPSUB]   - xE7zo9gB
[GOSSIPSUB] subscription-change from xE7zo9gB: [{"topic":"universal-connectivity-browser-peer-discovery","subscribe":true}]
[GOSSIPSUB] subscription-change from xE7zo9gB: [{"topic":"universal-connectivity-file","subscribe":true}]
[PING] Ping failed: Cannot write to a stream that is closed
[CHAT] Waiting for Identify protocol to exchange supported protocols...
[CHAT] Waiting for Identify protocol(s) that advertise pubsub...
[xE7zo9gB]: Hello from 12D3KooWDj4uNjMpUtESkyJa2ZB6DtXg5PKC4pTUptJixE7zo9gB! (3)
[xE7zo9gB]: Hello from 12D3KooWDj4uNjMpUtESkyJa2ZB6DtXg5PKC4pTUptJixE7zo9gB! (4)
[CHAT] Warning: no peer advertised gossipsub within timeout. Continuing checks...
[CHAT] Checking Gossipsub status...
[DEBUG] Connected to 1 peer(s):
[DEBUG]   - xE7zo9gB
[DEBUG] Local subscriptions: universal-connectivity, universal-connectivity-workshop-js-peer-discovery
[DEBUG] Topic "universal-connectivity": 1 peer(s)
[DEBUG] Topic "universal-connectivity-workshop-js-peer-discovery": 0 peer(s)
[CHAT] Waiting up to 10 seconds for mesh to form...
[CHAT] Check 1/10: 1 peer(s) in mesh
[CHAT] ✅ Mesh formed with 1 peer(s)!

============================================================
✅ GOSSIPSUB MESH SUCCESSFULLY FORMED!
============================================================
[CHAT] Connected to 1 peer(s) in mesh:
[CHAT]   ✓ 12D3KooWDj4uNjMpUtESkyJa2ZB6DtXg5PKC4pTUptJixE7zo9gB
============================================================
✅ READY TO CHAT!

[CHAT] Publishing message to 1 peer(s) in mesh
[CHAT] ✅ Message sent: "Hello! I'm E98CdPkE - ready to chat!"
[SYSTEM] Running in non-interactive mode
[SYSTEM] Listening for messages...
[SYSTEM] Will run for 60 then exit
[xE7zo9gB]: Hello from 12D3KooWDj4uNjMpUtESkyJa2ZB6DtXg5PKC4pTUptJixE7zo9gB! (5)
[xE7zo9gB]: Hello from 12D3KooWDj4uNjMpUtESkyJa2ZB6DtXg5PKC4pTUptJixE7zo9gB! (6)

[SYSTEM] Received SIGTERM - shutting down gracefully...
[CONNECTION] Connection closed
